// Jest Snapshot v1, https://goo.gl/fbAQLP

exports[`<Styleguide /> - Snapshot matches its snapshot 1`] = `
<div
  className="container margin-top-small"
>
  <HelmetWrapper
    defer={true}
    encodeSpecialCharacters={true}
  >
    <title>
      Styleguide
    </title>
  </HelmetWrapper>
  <h1
    className="margin-bottom-small"
  >
    Styleguide
  </h1>
  <h1>
    H1 Heading
  </h1>
  <h2>
    H2 Heading
  </h2>
  <h3>
    H3 Heading
  </h3>
  <h4>
    H4 Heading
  </h4>
  <h5>
    H5 Heading
  </h5>
  <h6>
    H6 Heading
  </h6>
  <hr />
  <p>
    p
  </p>
  <p>
    Lorem ipsum dolor sit amet, consetetur sadipscing elitr, sed diam nonumy eirmod tempor invidunt ut labore et dolore magna aliquyam erat, sed diam voluptua.
  </p>
  <a
    href="/"
  >
    Anchor
  </a>
  <em>
     Emphasis
  </em>
  <small>
     Small
  </small>
  <strong>
     Strong 
  </strong>
  <u>
    Underline
  </u>
  <blockquote>
    <p>
      <em>
        This is a blockquote
      </em>
    </p>
  </blockquote>
  <div
    className="flex justify-around margin-vertical-small"
  >
    <button
      type="button"
    >
      Button
    </button>
    <a
      className="button"
      href="/"
    >
      Anchor Button
    </a>
    <input
      className="button"
      type="submit"
      value="Submit Button"
    />
  </div>
  <div
    className="flex flex-wrap justify-around margin-vertical-small"
  >
    <div
      className="padding-tiny"
    >
      <button
        className="button--default"
        type="button"
      >
        .button--default
      </button>
    </div>
    <div
      className="padding-tiny"
    >
      <button
        className="button--primary"
        type="button"
      >
        .button--primary
      </button>
    </div>
    <div
      className="padding-tiny"
    >
      <button
        className="button--primary-clear"
        type="button"
      >
        .button--primary-clear
      </button>
    </div>
    <div
      className="padding-tiny"
    >
      <button
        className="button--accent-clear"
        type="button"
      >
        .button--accent-clear
      </button>
    </div>
    <div
      className="bg-black padding-tiny"
    >
      <button
        className="button--white-clear"
        type="button"
      >
        .button--white-clear
      </button>
    </div>
  </div>
  <hr />
  <ul>
    <li>
      Unordered list item 1
    </li>
    <li>
      Unordered list item 2
    </li>
    <ul>
      <li>
        Unordered list item 1
      </li>
      <li>
        Unordered list item 2
      </li>
    </ul>
  </ul>
  <ol>
    <li>
      Ordered list item 1
    </li>
    <li>
      Ordered list item 2
    </li>
    <ol>
      <li>
        Ordered list item 1
      </li>
      <li>
        Ordered list item 2
      </li>
    </ol>
  </ol>
  <dl>
    <dt>
      Description list item 1
    </dt>
    <dd>
      Description list item 1.1
    </dd>
    <dl>
      <dt>
        Description list item 1
      </dt>
      <dd>
        Description list item 1.1
      </dd>
    </dl>
  </dl>
  <hr />
  <form>
    <fieldset>
      <label
        htmlFor="nameField"
      >
        Name
        <input
          id="nameField"
          placeholder="Your Name here"
          type="text"
        />
      </label>
      <label
        htmlFor="ageRangeField"
      >
        Age Range
        <select
          id="ageRangeField"
        >
          <option
            value="0-13"
          >
            Age Range
          </option>
          <option
            value="14-17"
          >
            14-17
          </option>
          <option
            value="18-23"
          >
            18-23
          </option>
          <option
            value="24+"
          >
            24+
          </option>
        </select>
      </label>
      <label
        htmlFor="commentField"
      >
        Comment
        <textarea
          id="commentField"
          placeholder="Hi there â€¦"
        />
      </label>
      <div
        className="float-right"
      >
        <input
          id="confirmField"
          type="checkbox"
        />
        <label
          className="label-inline"
          htmlFor="confirmField"
        >
          Send a copy to yourself
        </label>
      </div>
      <input
        className="button-primary"
        type="submit"
        value="Send"
      />
    </fieldset>
  </form>
  <hr />
  <table>
    <thead>
      <tr>
        <th>
          Name
        </th>
        <th>
          Age
        </th>
        <th>
          Height
        </th>
        <th>
          Location
        </th>
      </tr>
    </thead>
    <tbody>
      <tr>
        <td>
          Stephen Curry
        </td>
        <td>
          27
        </td>
        <td>
          1,91
        </td>
        <td>
          Akron, OH
        </td>
      </tr>
      <tr>
        <td>
          Klay Thompson
        </td>
        <td>
          25
        </td>
        <td>
          2,01
        </td>
        <td>
          Los Angeles, CA
        </td>
      </tr>
    </tbody>
  </table>
  <hr />
  <pre>
    <code>
      yarn global add webpack
    </code>
  </pre>
</div>
`;
